components/PollPopup.tsx(4,66): error TS2307: Cannot find module '@/components/ui/dialog' or its corresponding type declarations.
